<html>
<body>
<pre>
<h1>µVision Build Log</h1>
<h2>Project:</h2>
C:\Users\Milaronix\Desktop\Microprocesadores\Sensor-Temperatura-LPC1114FN28-102\Sensor de Temperatura.uvproj
Project File Date:  11/03/2014

<h2>Output:</h2>
Build target 'Target 1'
compiling main.c...
main.c(27): warning:  #1295-D: Deprecated declaration splash_screen - give arg types
  void splash_screen();
main.c(28): warning:  #1295-D: Deprecated declaration set_splash_screen - give arg types
  void set_splash_screen();
main.c(29): warning:  #1295-D: Deprecated declaration imprime - give arg types
  void imprime();
main.c(30): warning:  #1295-D: Deprecated declaration limpia_pantalla - give arg types
  void limpia_pantalla();
main.c(146): warning:  #1-D: last line of file ends without a newline
  }
main.c: 5 warnings, 0 errors
linking...
Program Size: Code=1112 RO-data=224 RW-data=12 ZI-data=612  
FromELF: creating hex file...
".\Sensor de Temperatura.axf" - 0 Error(s), 5 Warning(s).
}
main.c: 7 warnings, 0 errors
linking...
Program Size: Code=880 RO-data=224 RW-data=12 ZI-data=612  
FromELF: creating hex file...
".\Sensor de Temperatura.axf" - 0 Error(s), 7 Warning(s).
