ARM Linker, 5.03 [Build 76] [MDK-ARM Lite]

==============================================================================

Section Cross References

    startup_lpc11xx.o(STACK) refers (Special) to heapauxi.o(.text) for __use_two_region_memory
    startup_lpc11xx.o(HEAP) refers (Special) to heapauxi.o(.text) for __use_two_region_memory
    startup_lpc11xx.o(RESET) refers (Special) to heapauxi.o(.text) for __use_two_region_memory
    startup_lpc11xx.o(RESET) refers to startup_lpc11xx.o(STACK) for __initial_sp
    startup_lpc11xx.o(RESET) refers to startup_lpc11xx.o(.text) for Reset_Handler
    startup_lpc11xx.o(.ARM.__at_0x02FC) refers (Special) to heapauxi.o(.text) for __use_two_region_memory
    startup_lpc11xx.o(.text) refers (Special) to heapauxi.o(.text) for __use_two_region_memory
    startup_lpc11xx.o(.text) refers to system_lpc11xx.o(.text) for SystemInit
    startup_lpc11xx.o(.text) refers to __main.o(!!!main) for __main
    startup_lpc11xx.o(.text) refers to startup_lpc11xx.o(HEAP) for Heap_Mem
    startup_lpc11xx.o(.text) refers to startup_lpc11xx.o(STACK) for Stack_Mem
    main.o(.text) refers to _printf_percent.o(.ARM.Collect$$_printf_percent$$00000000) for _printf_percent
    main.o(.text) refers to _printf_f.o(.ARM.Collect$$_printf_percent$$00000003) for _printf_f
    main.o(.text) refers to printf1.o(x$fpl$printf1) for _printf_fp_dec
    main.o(.text) refers to dflti.o(.text) for __aeabi_i2d
    main.o(.text) refers to dmul.o(.text) for __aeabi_dmul
    main.o(.text) refers to ddiv.o(.text) for __aeabi_ddiv
    main.o(.text) refers to d2f.o(.text) for __aeabi_d2f
    main.o(.text) refers to fmul.o(x$fpl$fmul) for __aeabi_fmul
    main.o(.text) refers to fdiv.o(.text) for __aeabi_fdiv
    main.o(.text) refers to faddsub.o(x$fpl$fsub) for __aeabi_fsub
    main.o(.text) refers to faddsub.o(x$fpl$fadd) for __aeabi_fadd
    main.o(.text) refers to f2d.o(.text) for __aeabi_f2d
    main.o(.text) refers to daddsub.o(.text) for __aeabi_dadd
    main.o(.text) refers to dlef.o(x$fpl$dleqf) for __aeabi_cdcmple
    main.o(.text) refers to drlef.o(x$fpl$drleqf) for __aeabi_cdrcmple
    main.o(.text) refers to noretval__2sprintf.o(.text) for __2sprintf
    system_lpc11xx.o(.text) refers to system_lpc11xx.o(.data) for ClockSource
    __2sprintf.o(.text) refers to _printf_char_common.o(.text) for _printf_char_common
    __2sprintf.o(.text) refers to _sputc.o(.text) for _sputc
    noretval__2sprintf.o(.text) refers to _printf_char_common.o(.text) for _printf_char_common
    noretval__2sprintf.o(.text) refers to _sputc.o(.text) for _sputc
    __printf.o(.text) refers to _printf_percent.o(.ARM.Collect$$_printf_percent$$00000000) for _printf_percent
    __printf_flags.o(.text) refers to _printf_percent.o(.ARM.Collect$$_printf_percent$$00000000) for _printf_percent
    __printf_flags.o(.text) refers to __printf_flags.o(.constdata) for .constdata
    __printf_ss.o(.text) refers to _printf_percent.o(.ARM.Collect$$_printf_percent$$00000000) for _printf_percent
    __printf_flags_ss.o(.text) refers to _printf_percent.o(.ARM.Collect$$_printf_percent$$00000000) for _printf_percent
    __printf_flags_ss.o(.text) refers to __printf_flags_ss.o(.constdata) for .constdata
    __printf_wp.o(.text) refers to __printf_wp.o(i._is_digit) for _is_digit
    __printf_wp.o(.text) refers to _printf_percent.o(.ARM.Collect$$_printf_percent$$00000000) for _printf_percent
    __printf_flags_wp.o(.text) refers to __printf_wp.o(i._is_digit) for _is_digit
    __printf_flags_wp.o(.text) refers to _printf_percent.o(.ARM.Collect$$_printf_percent$$00000000) for _printf_percent
    __printf_flags_wp.o(.text) refers to __printf_flags_wp.o(.constdata) for .constdata
    __printf_ss_wp.o(.text) refers to __printf_wp.o(i._is_digit) for _is_digit
    __printf_ss_wp.o(.text) refers to _printf_percent.o(.ARM.Collect$$_printf_percent$$00000000) for _printf_percent
    __printf_flags_ss_wp.o(.text) refers to __printf_wp.o(i._is_digit) for _is_digit
    __printf_flags_ss_wp.o(.text) refers to _printf_percent.o(.ARM.Collect$$_printf_percent$$00000000) for _printf_percent
    __printf_flags_ss_wp.o(.text) refers to __printf_flags_ss_wp.o(.constdata) for .constdata
    _printf_f.o(.ARM.Collect$$_printf_percent$$00000003) refers (Weak) to printf1.o(x$fpl$printf1) for _printf_fp_dec
    _printf_percent.o(.ARM.Collect$$_printf_percent$$00000000) refers (Special) to _printf_percent_end.o(.ARM.Collect$$_printf_percent$$00000017) for _printf_percent_end
    __main.o(!!!main) refers to rtentry.o(.ARM.Collect$$rtentry$$00000000) for __rt_entry
    d2f.o(.text) refers (Special) to usenofp.o(x$fpl$usenofp) for __I$use$fp
    daddsub.o(.text) refers (Special) to usenofp.o(x$fpl$usenofp) for __I$use$fp
    ddiv.o(.text) refers (Special) to usenofp.o(x$fpl$usenofp) for __I$use$fp
    ddiv.o(.text) refers to ddiv.o(.constdata) for .constdata
    ddiv.o(.constdata) refers (Special) to usenofp.o(x$fpl$usenofp) for __I$use$fp
    dflti.o(.text) refers (Special) to usenofp.o(x$fpl$usenofp) for __I$use$fp
    dlef.o(x$fpl$dleqf) refers (Special) to usenofp.o(x$fpl$usenofp) for __I$use$fp
    dlef.o(x$fpl$dleqf) refers to dcmpin.o(.text) for __fpl_dcmp_InfNaN
    dmul.o(.text) refers (Special) to usenofp.o(x$fpl$usenofp) for __I$use$fp
    drlef.o(x$fpl$drleqf) refers (Special) to usenofp.o(x$fpl$usenofp) for __I$use$fp
    drlef.o(x$fpl$drleqf) refers to dcmpin.o(.text) for __fpl_dcmp_InfNaN
    f2d.o(.text) refers (Special) to usenofp.o(x$fpl$usenofp) for __I$use$fp
    faddsub.o(x$fpl$fadd) refers (Special) to usenofp.o(x$fpl$usenofp) for __I$use$fp
    faddsub.o(x$fpl$fadd) refers to faddsub.o(x$fpl$fsub) for _fsub1
    faddsub.o(x$fpl$frsb) refers (Special) to usenofp.o(x$fpl$usenofp) for __I$use$fp
    faddsub.o(x$fpl$frsb) refers to faddsub.o(x$fpl$fsub) for _fsub1
    faddsub.o(x$fpl$frsb) refers to faddsub.o(x$fpl$fadd) for _fadd1
    faddsub.o(x$fpl$fsub) refers (Special) to usenofp.o(x$fpl$usenofp) for __I$use$fp
    faddsub.o(x$fpl$fsub) refers to faddsub.o(x$fpl$fadd) for _fadd1
    fdiv.o(.text) refers (Special) to usenofp.o(x$fpl$usenofp) for __I$use$fp
    fdiv.o(.text) refers to fdiv.o(.constdata) for .constdata
    fdiv.o(.constdata) refers (Special) to usenofp.o(x$fpl$usenofp) for __I$use$fp
    fmul.o(x$fpl$fmul) refers (Special) to usenofp.o(x$fpl$usenofp) for __I$use$fp
    printf1.o(x$fpl$printf1) refers to _printf_fp_dec.o(.text) for _printf_fp_dec_real
    rtentry.o(.ARM.Collect$$rtentry$$00000000) refers (Special) to rtentry2.o(.ARM.Collect$$rtentry$$0000000A) for __rt_entry_li
    rtentry.o(.ARM.Collect$$rtentry$$00000000) refers (Special) to rtentry2.o(.ARM.Collect$$rtentry$$0000000D) for __rt_entry_main
    rtentry.o(.ARM.Collect$$rtentry$$00000000) refers (Special) to rtentry2.o(.ARM.Collect$$rtentry$$0000000C) for __rt_entry_postli_1
    rtentry.o(.ARM.Collect$$rtentry$$00000000) refers (Special) to rtentry2.o(.ARM.Collect$$rtentry$$00000009) for __rt_entry_postsh_1
    rtentry.o(.ARM.Collect$$rtentry$$00000000) refers (Special) to rtentry2.o(.ARM.Collect$$rtentry$$00000002) for __rt_entry_presh_1
    rtentry.o(.ARM.Collect$$rtentry$$00000000) refers (Special) to rtentry4.o(.ARM.Collect$$rtentry$$00000004) for __rt_entry_sh
    _printf_fp_dec.o(.text) refers (Special) to usenofp.o(x$fpl$usenofp) for __I$use$fp
    _printf_fp_dec.o(.text) refers (Special) to lc_numeric_c.o(locale$$code) for _get_lc_numeric
    _printf_fp_dec.o(.text) refers to bigflt0.o(.text) for _btod_etento
    _printf_fp_dec.o(.text) refers to btod.o(.text) for _btod_d2e
    _printf_fp_dec.o(.text) refers to lludiv10.o(.text) for _ll_udiv10
    _printf_fp_dec.o(.text) refers to fpclassify.o(i.__ARM_fpclassify) for __ARM_fpclassify
    _printf_fp_dec.o(.text) refers to _printf_fp_infnan.o(.text) for _printf_fp_infnan
    _printf_fp_dec.o(.text) refers to rtudiv10.o(.text) for __rt_udiv10
    _printf_fp_dec.o(.text) refers to rt_locale_intlibspace.o(.text) for __rt_locale
    _printf_char_common.o(.text) refers to __printf_wp.o(.text) for __printf
    dcmpin.o(.text) refers (Special) to usenofp.o(x$fpl$usenofp) for __I$use$fp
    dcmpin.o(.text) refers to cmpret.o(.text) for __fpl_cmpreturn
    dcmpin.o(.text) refers to dnan2.o(.text) for __fpl_dcheck_NaN2
    rtentry2.o(.ARM.Collect$$rtentry$$00000008) refers to boardinit2.o(.text) for _platform_post_stackheap_init
    rtentry2.o(.ARM.Collect$$rtentry$$0000000A) refers to libinit.o(.ARM.Collect$$libinit$$00000000) for __rt_lib_init
    rtentry2.o(.ARM.Collect$$rtentry$$0000000B) refers to boardinit3.o(.text) for _platform_post_lib_init
    rtentry2.o(.ARM.Collect$$rtentry$$0000000D) refers to main.o(.text) for main
    rtentry2.o(.ARM.Collect$$rtentry$$0000000D) refers to exit.o(.text) for exit
    rtentry2.o(.ARM.exidx) refers to rtentry2.o(.ARM.Collect$$rtentry$$00000001) for .ARM.Collect$$rtentry$$00000001
    rtentry2.o(.ARM.exidx) refers to rtentry2.o(.ARM.Collect$$rtentry$$00000008) for .ARM.Collect$$rtentry$$00000008
    rtentry2.o(.ARM.exidx) refers to rtentry2.o(.ARM.Collect$$rtentry$$0000000A) for .ARM.Collect$$rtentry$$0000000A
    rtentry2.o(.ARM.exidx) refers to rtentry2.o(.ARM.Collect$$rtentry$$0000000B) for .ARM.Collect$$rtentry$$0000000B
    rtentry2.o(.ARM.exidx) refers to rtentry2.o(.ARM.Collect$$rtentry$$0000000D) for .ARM.Collect$$rtentry$$0000000D
    rtentry4.o(.ARM.Collect$$rtentry$$00000004) refers to sys_stackheap_outer.o(.text) for __user_setup_stackheap
    rtentry4.o(.ARM.exidx) refers to rtentry4.o(.ARM.Collect$$rtentry$$00000004) for .ARM.Collect$$rtentry$$00000004
    rt_locale.o(.text) refers to rt_locale.o(.bss) for __rt_locale_data
    rt_locale_intlibspace.o(.text) refers to libspace.o(.bss) for __libspace_start
    bigflt0.o(.text) refers (Special) to usenofp.o(x$fpl$usenofp) for __I$use$fp
    bigflt0.o(.text) refers to aeabi_sdiv.o(.text) for __aeabi_idivmod
    bigflt0.o(.text) refers to btod.o(.text) for _btod_emul
    bigflt0.o(.text) refers to bigflt0.o(.constdata) for .constdata
    bigflt0.o(.constdata) refers (Special) to usenofp.o(x$fpl$usenofp) for __I$use$fp
    btod.o(.text) refers to btod.o(i.__ARM_common_ll_muluu) for __ARM_common_ll_muluu
    lc_numeric_c.o(locale$$data) refers (Special) to libinit2.o(.ARM.Collect$$libinit$$00000014) for __rt_lib_init_lc_numeric_2
    lc_numeric_c.o(locale$$code) refers (Special) to libinit2.o(.ARM.Collect$$libinit$$00000014) for __rt_lib_init_lc_numeric_2
    lc_numeric_c.o(locale$$code) refers to strcmp.o(.text) for strcmp
    lc_numeric_c.o(locale$$code) refers to lc_numeric_c.o(locale$$data) for __lcnum_c_name
    cmpret.o(.text) refers (Special) to usenofp.o(x$fpl$usenofp) for __I$use$fp
    dnan2.o(.text) refers (Special) to usenofp.o(x$fpl$usenofp) for __I$use$fp
    dnan2.o(.text) refers to retnan.o(.text) for __fpl_return_NaN
    ieee_status.o(.text) refers (Special) to usenofp.o(x$fpl$usenofp) for __I$use$fp
    fpclassify.o(i.__ARM_fpclassify) refers (Special) to usenofp.o(x$fpl$usenofp) for __I$use$fp
    libspace.o(.text) refers to libspace.o(.bss) for __libspace_start
    sys_stackheap_outer.o(.text) refers to libspace.o(.text) for __user_perproc_libspace
    sys_stackheap_outer.o(.text) refers to startup_lpc11xx.o(.text) for __user_initial_stackheap
    sys_stackheap_outer.o(__vectab_stack_and_reset_area) refers to tempstk.o(.text) for __temporary_stack_top
    sys_stackheap_outer.o(__vectab_stack_and_reset_area) refers to __main.o(!!!main) for __main
    exit.o(.text) refers to rtexit.o(.ARM.Collect$$rtexit$$00000000) for __rt_exit
    libinit.o(.ARM.Collect$$libinit$$00000000) refers (Special) to libinit2.o(.ARM.Collect$$libinit$$0000002C) for __rt_lib_init_alloca_1
    libinit.o(.ARM.Collect$$libinit$$00000000) refers (Special) to libinit2.o(.ARM.Collect$$libinit$$0000002A) for __rt_lib_init_argv_1
    libinit.o(.ARM.Collect$$libinit$$00000000) refers (Special) to libinit2.o(.ARM.Collect$$libinit$$00000019) for __rt_lib_init_atexit_1
    libinit.o(.ARM.Collect$$libinit$$00000000) refers (Special) to libinit2.o(.ARM.Collect$$libinit$$0000001F) for __rt_lib_init_clock_1
    libinit.o(.ARM.Collect$$libinit$$00000000) refers (Special) to libinit2.o(.ARM.Collect$$libinit$$00000030) for __rt_lib_init_cpp_1
    libinit.o(.ARM.Collect$$libinit$$00000000) refers (Special) to libinit2.o(.ARM.Collect$$libinit$$0000002E) for __rt_lib_init_exceptions_1
    libinit.o(.ARM.Collect$$libinit$$00000000) refers (Special) to libinit2.o(.ARM.Collect$$libinit$$00000001) for __rt_lib_init_fp_1
    libinit.o(.ARM.Collect$$libinit$$00000000) refers (Special) to libinit2.o(.ARM.Collect$$libinit$$0000001D) for __rt_lib_init_fp_trap_1
    libinit.o(.ARM.Collect$$libinit$$00000000) refers (Special) to libinit2.o(.ARM.Collect$$libinit$$00000021) for __rt_lib_init_getenv_1
    libinit.o(.ARM.Collect$$libinit$$00000000) refers (Special) to libinit2.o(.ARM.Collect$$libinit$$00000008) for __rt_lib_init_heap_1
    libinit.o(.ARM.Collect$$libinit$$00000000) refers (Special) to libinit2.o(.ARM.Collect$$libinit$$0000000F) for __rt_lib_init_lc_collate_1
    libinit.o(.ARM.Collect$$libinit$$00000000) refers (Special) to libinit2.o(.ARM.Collect$$libinit$$00000011) for __rt_lib_init_lc_ctype_1
    libinit.o(.ARM.Collect$$libinit$$00000000) refers (Special) to libinit2.o(.ARM.Collect$$libinit$$00000013) for __rt_lib_init_lc_monetary_1
    libinit.o(.ARM.Collect$$libinit$$00000000) refers (Special) to libinit2.o(.ARM.Collect$$libinit$$00000015) for __rt_lib_init_lc_numeric_1
    libinit.o(.ARM.Collect$$libinit$$00000000) refers (Special) to libinit2.o(.ARM.Collect$$libinit$$00000017) for __rt_lib_init_lc_time_1
    libinit.o(.ARM.Collect$$libinit$$00000000) refers (Special) to libinit2.o(.ARM.Collect$$libinit$$0000000C) for __rt_lib_init_rand_1
    libinit.o(.ARM.Collect$$libinit$$00000000) refers (Special) to libinit2.o(.ARM.Collect$$libinit$$00000031) for __rt_lib_init_return
    libinit.o(.ARM.Collect$$libinit$$00000000) refers (Special) to libinit2.o(.ARM.Collect$$libinit$$0000001B) for __rt_lib_init_signal_1
    libinit.o(.ARM.Collect$$libinit$$00000000) refers (Special) to libinit2.o(.ARM.Collect$$libinit$$00000023) for __rt_lib_init_stdio_1
    libinit.o(.ARM.Collect$$libinit$$00000000) refers (Special) to libinit2.o(.ARM.Collect$$libinit$$0000000A) for __rt_lib_init_user_alloc_1
    libinit2.o(.ARM.Collect$$libinit$$0000000D) refers (Weak) to rt_locale_intlibspace.o(.text) for __rt_locale
    libinit2.o(.ARM.Collect$$libinit$$0000000E) refers to libinit2.o(.ARM.Collect$$libinit$$0000000D) for .ARM.Collect$$libinit$$0000000D
    libinit2.o(.ARM.Collect$$libinit$$00000010) refers to libinit2.o(.ARM.Collect$$libinit$$0000000D) for .ARM.Collect$$libinit$$0000000D
    libinit2.o(.ARM.Collect$$libinit$$00000012) refers to libinit2.o(.ARM.Collect$$libinit$$0000000D) for .ARM.Collect$$libinit$$0000000D
    libinit2.o(.ARM.Collect$$libinit$$00000014) refers to libinit2.o(.ARM.Collect$$libinit$$0000000D) for .ARM.Collect$$libinit$$0000000D
    libinit2.o(.ARM.Collect$$libinit$$00000014) refers (Weak) to lc_numeric_c.o(locale$$code) for _get_lc_numeric
    libinit2.o(.ARM.Collect$$libinit$$00000016) refers to libinit2.o(.ARM.Collect$$libinit$$0000000D) for .ARM.Collect$$libinit$$0000000D
    libinit2.o(.ARM.Collect$$libinit$$00000024) refers to argv_veneer.o(.text) for __ARM_argv_veneer
    libinit2.o(.ARM.Collect$$libinit$$00000025) refers to argv_veneer.o(.text) for __ARM_argv_veneer
    retnan.o(.text) refers (Special) to usenofp.o(x$fpl$usenofp) for __I$use$fp
    retnan.o(.text) refers to cmpret.o(.text) for __fpl_cmpreturn
    rtexit.o(.ARM.Collect$$rtexit$$00000000) refers (Special) to rtexit2.o(.ARM.Collect$$rtexit$$00000004) for __rt_exit_exit
    rtexit.o(.ARM.Collect$$rtexit$$00000000) refers (Special) to rtexit2.o(.ARM.Collect$$rtexit$$00000003) for __rt_exit_ls
    rtexit.o(.ARM.Collect$$rtexit$$00000000) refers (Special) to rtexit2.o(.ARM.Collect$$rtexit$$00000002) for __rt_exit_prels_1
    rtexit.o(.ARM.exidx) refers (Special) to rtexit2.o(.ARM.Collect$$rtexit$$00000004) for __rt_exit_exit
    rtexit.o(.ARM.exidx) refers (Special) to rtexit2.o(.ARM.Collect$$rtexit$$00000003) for __rt_exit_ls
    rtexit.o(.ARM.exidx) refers (Special) to rtexit2.o(.ARM.Collect$$rtexit$$00000002) for __rt_exit_prels_1
    rtexit.o(.ARM.exidx) refers to rtexit.o(.ARM.Collect$$rtexit$$00000000) for .ARM.Collect$$rtexit$$00000000
    aeabi_idiv0_sigfpe.o(.text) refers to rt_div0.o(.text) for __rt_div0
    rtexit2.o(.ARM.Collect$$rtexit$$00000003) refers to libshutdown.o(.ARM.Collect$$libshutdown$$00000000) for __rt_lib_shutdown
    rtexit2.o(.ARM.Collect$$rtexit$$00000004) refers to sys_exit.o(.text) for _sys_exit
    rtexit2.o(.ARM.exidx) refers to rtexit2.o(.ARM.Collect$$rtexit$$00000001) for .ARM.Collect$$rtexit$$00000001
    rtexit2.o(.ARM.exidx) refers to rtexit2.o(.ARM.Collect$$rtexit$$00000003) for .ARM.Collect$$rtexit$$00000003
    rtexit2.o(.ARM.exidx) refers to rtexit2.o(.ARM.Collect$$rtexit$$00000004) for .ARM.Collect$$rtexit$$00000004
    rt_div0.o(.text) refers to defsig_fpe_outer.o(.text) for __rt_SIGFPE
    _get_argv_nomalloc.o(.text) refers (Special) to hrguard.o(.text) for __heap_region$guard
    _get_argv_nomalloc.o(.text) refers to defsig_rtmem_outer.o(.text) for __rt_SIGRTMEM
    _get_argv_nomalloc.o(.text) refers to sys_command.o(.text) for _sys_command_string
    sys_command.o(.text) refers (Special) to use_no_semi.o(.text) for __I$use$semihosting
    sys_command.o(.text) refers (Special) to indicate_semi.o(.text) for __semihosting_library_function
    sys_exit.o(.text) refers (Special) to use_no_semi.o(.text) for __I$use$semihosting
    sys_exit.o(.text) refers (Special) to indicate_semi.o(.text) for __semihosting_library_function
    defsig_fpe_outer.o(.text) refers to defsig_fpe_inner.o(.text) for __rt_SIGFPE_inner
    defsig_fpe_outer.o(.text) refers to defsig_exit.o(.text) for __sig_exit
    defsig_fpe_formal.o(.text) refers to rt_raise.o(.text) for __rt_raise
    defsig_rtmem_outer.o(.text) refers to defsig_rtmem_inner.o(.text) for __rt_SIGRTMEM_inner
    defsig_rtmem_outer.o(.text) refers to defsig_exit.o(.text) for __sig_exit
    defsig_rtmem_formal.o(.text) refers to rt_raise.o(.text) for __rt_raise
    libshutdown.o(.ARM.Collect$$libshutdown$$00000000) refers (Special) to libshutdown2.o(.ARM.Collect$$libshutdown$$00000006) for __rt_lib_shutdown_fp_trap_1
    libshutdown.o(.ARM.Collect$$libshutdown$$00000000) refers (Special) to libshutdown2.o(.ARM.Collect$$libshutdown$$0000000E) for __rt_lib_shutdown_heap_1
    libshutdown.o(.ARM.Collect$$libshutdown$$00000000) refers (Special) to libshutdown2.o(.ARM.Collect$$libshutdown$$0000000F) for __rt_lib_shutdown_return
    libshutdown.o(.ARM.Collect$$libshutdown$$00000000) refers (Special) to libshutdown2.o(.ARM.Collect$$libshutdown$$00000009) for __rt_lib_shutdown_signal_1
    libshutdown.o(.ARM.Collect$$libshutdown$$00000000) refers (Special) to libshutdown2.o(.ARM.Collect$$libshutdown$$00000003) for __rt_lib_shutdown_stdio_1
    libshutdown.o(.ARM.Collect$$libshutdown$$00000000) refers (Special) to libshutdown2.o(.ARM.Collect$$libshutdown$$0000000B) for __rt_lib_shutdown_user_alloc_1
    rt_raise.o(.text) refers to __raise.o(.text) for __raise
    rt_raise.o(.text) refers to sys_exit.o(.text) for _sys_exit
    defsig_exit.o(.text) refers to sys_exit.o(.text) for _sys_exit
    defsig_fpe_inner.o(.text) refers to defsig_general.o(.text) for __default_signal_display
    defsig_rtmem_inner.o(.text) refers to defsig_general.o(.text) for __default_signal_display
    __raise.o(.text) refers to defsig.o(CL$$defsig) for __default_signal_handler
    defsig_general.o(.text) refers to sys_wrch.o(.text) for _ttywrch
    sys_wrch.o(.text) refers (Special) to use_no_semi.o(.text) for __I$use$semihosting
    sys_wrch.o(.text) refers (Special) to indicate_semi.o(.text) for __semihosting_library_function
    defsig.o(CL$$defsig) refers to defsig_fpe_inner.o(.text) for __rt_SIGFPE_inner
    defsig.o(CL$$defsig) refers to defsig_rtmem_inner.o(.text) for __rt_SIGRTMEM_inner
    defsig_abrt_inner.o(.text) refers to defsig_general.o(.text) for __default_signal_display
    defsig_rtred_inner.o(.text) refers to defsig_general.o(.text) for __default_signal_display
    defsig_stak_inner.o(.text) refers to defsig_general.o(.text) for __default_signal_display
    defsig_pvfn_inner.o(.text) refers to defsig_general.o(.text) for __default_signal_display
    defsig_cppl_inner.o(.text) refers to defsig_general.o(.text) for __default_signal_display
    defsig_segv_inner.o(.text) refers to defsig_general.o(.text) for __default_signal_display
    defsig_other.o(.text) refers to defsig_general.o(.text) for __default_signal_display


==============================================================================

Removing Unused input sections from the image.

    Removing main.o(.rev16_text), (4 bytes).
    Removing main.o(.revsh_text), (4 bytes).
    Removing system_lpc11xx.o(.rev16_text), (4 bytes).
    Removing system_lpc11xx.o(.revsh_text), (4 bytes).

4 unused section(s) (total 16 bytes) removed from the image.

==============================================================================

Image Symbol Table

    Local Symbols

    Symbol Name                              Value     Ov Type        Size  Object(Section)

    RESET                                    0x00000000   Section      192  startup_lpc11xx.o(RESET)
    ../clib/angel/boardlib.s                 0x00000000   Number         0  boardinit2.o ABSOLUTE
    ../clib/angel/boardlib.s                 0x00000000   Number         0  boardinit3.o ABSOLUTE
    ../clib/angel/boardlib.s                 0x00000000   Number         0  boardinit1.o ABSOLUTE
    ../clib/angel/boardlib.s                 0x00000000   Number         0  boardshut.o ABSOLUTE
    ../clib/angel/handlers.s                 0x00000000   Number         0  __scatter_zi.o ABSOLUTE
    ../clib/angel/handlers.s                 0x00000000   Number         0  __scatter_copy.o ABSOLUTE
    ../clib/angel/kernel.s                   0x00000000   Number         0  rtentry4.o ABSOLUTE
    ../clib/angel/kernel.s                   0x00000000   Number         0  rtentry2.o ABSOLUTE
    ../clib/angel/kernel.s                   0x00000000   Number         0  rtentry.o ABSOLUTE
    ../clib/angel/kernel.s                   0x00000000   Number         0  rtexit.o ABSOLUTE
    ../clib/angel/kernel.s                   0x00000000   Number         0  rtexit2.o ABSOLUTE
    ../clib/angel/rt.s                       0x00000000   Number         0  rt_locale.o ABSOLUTE
    ../clib/angel/rt.s                       0x00000000   Number         0  rt_raise.o ABSOLUTE
    ../clib/angel/rt.s                       0x00000000   Number         0  rt_locale_intlibspace.o ABSOLUTE
    ../clib/angel/rt.s                       0x00000000   Number         0  aeabi_idiv0.o ABSOLUTE
    ../clib/angel/rt.s                       0x00000000   Number         0  aeabi_idiv0_sigfpe.o ABSOLUTE
    ../clib/angel/rt.s                       0x00000000   Number         0  rt_div0.o ABSOLUTE
    ../clib/angel/scatterp.s                 0x00000000   Number         0  __scatter.o ABSOLUTE
    ../clib/angel/startup.s                  0x00000000   Number         0  __main.o ABSOLUTE
    ../clib/angel/sys.s                      0x00000000   Number         0  tempstk.o ABSOLUTE
    ../clib/angel/sys.s                      0x00000000   Number         0  indicate_semi.o ABSOLUTE
    ../clib/angel/sys.s                      0x00000000   Number         0  use_no_semi.o ABSOLUTE
    ../clib/angel/sys.s                      0x00000000   Number         0  libspace.o ABSOLUTE
    ../clib/angel/sys.s                      0x00000000   Number         0  sys_stackheap_outer.o ABSOLUTE
    ../clib/angel/sysapp.c                   0x00000000   Number         0  sys_command.o ABSOLUTE
    ../clib/angel/sysapp.c                   0x00000000   Number         0  sys_exit.o ABSOLUTE
    ../clib/angel/sysapp.c                   0x00000000   Number         0  sys_wrch.o ABSOLUTE
    ../clib/armsys.c                         0x00000000   Number         0  no_argv.o ABSOLUTE
    ../clib/armsys.c                         0x00000000   Number         0  _get_argv_nomalloc.o ABSOLUTE
    ../clib/armsys.c                         0x00000000   Number         0  argv_veneer.o ABSOLUTE
    ../clib/bigflt.c                         0x00000000   Number         0  bigflt0.o ABSOLUTE
    ../clib/btod.c                           0x00000000   Number         0  btod.o ABSOLUTE
    ../clib/division.c                       0x00000000   Number         0  rtudiv10.o ABSOLUTE
    ../clib/division.c                       0x00000000   Number         0  lludiv10.o ABSOLUTE
    ../clib/division.s                       0x00000000   Number         0  aeabi_sdiv.o ABSOLUTE
    ../clib/division.s                       0x00000000   Number         0  aeabi_sdiv_div0.o ABSOLUTE
    ../clib/heapalloc.c                      0x00000000   Number         0  hrguard.o ABSOLUTE
    ../clib/heapaux.c                        0x00000000   Number         0  heapauxi.o ABSOLUTE
    ../clib/libinit.s                        0x00000000   Number         0  libshutdown2.o ABSOLUTE
    ../clib/libinit.s                        0x00000000   Number         0  libinit.o ABSOLUTE
    ../clib/libinit.s                        0x00000000   Number         0  libinit2.o ABSOLUTE
    ../clib/libinit.s                        0x00000000   Number         0  libshutdown.o ABSOLUTE
    ../clib/locale.s                         0x00000000   Number         0  lc_numeric_c.o ABSOLUTE
    ../clib/misc.s                           0x00000000   Number         0  printf_stubs.o ABSOLUTE
    ../clib/printf.c                         0x00000000   Number         0  _printf_fp_dec.o ABSOLUTE
    ../clib/printf.c                         0x00000000   Number         0  __printf_flags_wp.o ABSOLUTE
    ../clib/printf.c                         0x00000000   Number         0  __printf_ss_wp.o ABSOLUTE
    ../clib/printf.c                         0x00000000   Number         0  __printf_ss.o ABSOLUTE
    ../clib/printf.c                         0x00000000   Number         0  __2sprintf.o ABSOLUTE
    ../clib/printf.c                         0x00000000   Number         0  noretval__2sprintf.o ABSOLUTE
    ../clib/printf.c                         0x00000000   Number         0  __printf_nopercent.o ABSOLUTE
    ../clib/printf.c                         0x00000000   Number         0  __printf.o ABSOLUTE
    ../clib/printf.c                         0x00000000   Number         0  __printf_flags.o ABSOLUTE
    ../clib/printf.c                         0x00000000   Number         0  __printf_wp.o ABSOLUTE
    ../clib/printf.c                         0x00000000   Number         0  __printf_flags_ss.o ABSOLUTE
    ../clib/printf.c                         0x00000000   Number         0  _printf_fp_infnan.o ABSOLUTE
    ../clib/printf.c                         0x00000000   Number         0  _printf_char_common.o ABSOLUTE
    ../clib/printf.c                         0x00000000   Number         0  _sputc.o ABSOLUTE
    ../clib/printf.c                         0x00000000   Number         0  __printf_flags_ss_wp.o ABSOLUTE
    ../clib/printf_percent.s                 0x00000000   Number         0  _printf_percent.o ABSOLUTE
    ../clib/printf_percent.s                 0x00000000   Number         0  _printf_f.o ABSOLUTE
    ../clib/printf_percent.s                 0x00000000   Number         0  _printf_percent_end.o ABSOLUTE
    ../clib/signal.c                         0x00000000   Number         0  defsig_pvfn_inner.o ABSOLUTE
    ../clib/signal.c                         0x00000000   Number         0  defsig_segv_inner.o ABSOLUTE
    ../clib/signal.c                         0x00000000   Number         0  defsig_other.o ABSOLUTE
    ../clib/signal.c                         0x00000000   Number         0  defsig_general.o ABSOLUTE
    ../clib/signal.c                         0x00000000   Number         0  defsig_exit.o ABSOLUTE
    ../clib/signal.c                         0x00000000   Number         0  defsig_rtmem_outer.o ABSOLUTE
    ../clib/signal.c                         0x00000000   Number         0  defsig_fpe_inner.o ABSOLUTE
    ../clib/signal.c                         0x00000000   Number         0  defsig_abrt_inner.o ABSOLUTE
    ../clib/signal.c                         0x00000000   Number         0  defsig_fpe_outer.o ABSOLUTE
    ../clib/signal.c                         0x00000000   Number         0  defsig_cppl_inner.o ABSOLUTE
    ../clib/signal.c                         0x00000000   Number         0  defsig_rtmem_inner.o ABSOLUTE
    ../clib/signal.c                         0x00000000   Number         0  defsig_rtmem_formal.o ABSOLUTE
    ../clib/signal.c                         0x00000000   Number         0  defsig_rtred_inner.o ABSOLUTE
    ../clib/signal.c                         0x00000000   Number         0  __raise.o ABSOLUTE
    ../clib/signal.c                         0x00000000   Number         0  defsig_stak_inner.o ABSOLUTE
    ../clib/signal.c                         0x00000000   Number         0  defsig_fpe_formal.o ABSOLUTE
    ../clib/signal.s                         0x00000000   Number         0  defsig.o ABSOLUTE
    ../clib/stdlib.c                         0x00000000   Number         0  exit.o ABSOLUTE
    ../clib/string.c                         0x00000000   Number         0  strcmp.o ABSOLUTE
    ../fplib/cfplib/cmpret.c                 0x00000000   Number         0  cmpret.o ABSOLUTE
    ../fplib/cfplib/d2f.c                    0x00000000   Number         0  d2f.o ABSOLUTE
    ../fplib/cfplib/daddsub.c                0x00000000   Number         0  daddsub.o ABSOLUTE
    ../fplib/cfplib/dcmpin.c                 0x00000000   Number         0  dcmpin.o ABSOLUTE
    ../fplib/cfplib/ddiv.c                   0x00000000   Number         0  ddiv.o ABSOLUTE
    ../fplib/cfplib/dmul.c                   0x00000000   Number         0  dmul.o ABSOLUTE
    ../fplib/cfplib/f2d.c                    0x00000000   Number         0  f2d.o ABSOLUTE
    ../fplib/cfplib/fdiv.c                   0x00000000   Number         0  fdiv.o ABSOLUTE
    ../fplib/cfplib/fflt.c                   0x00000000   Number         0  dflti.o ABSOLUTE
    ../fplib/cfplib/fpinit.c                 0x00000000   Number         0  fpinit.o ABSOLUTE
    ../fplib/cfplib/ieee_status.c            0x00000000   Number         0  ieee_status.o ABSOLUTE
    ../fplib/cfplib/nan2.c                   0x00000000   Number         0  dnan2.o ABSOLUTE
    ../fplib/cfplib/retnan.c                 0x00000000   Number         0  retnan.o ABSOLUTE
    ../fplib/dleqf6m.s                       0x00000000   Number         0  dlef.o ABSOLUTE
    ../fplib/drleqf6m.s                      0x00000000   Number         0  drlef.o ABSOLUTE
    ../fplib/faddsub6m.s                     0x00000000   Number         0  faddsub.o ABSOLUTE
    ../fplib/fmul6m.s                        0x00000000   Number         0  fmul.o ABSOLUTE
    ../fplib/printf1.s                       0x00000000   Number         0  printf1.o ABSOLUTE
    ../fplib/usenofp.s                       0x00000000   Number         0  usenofp.o ABSOLUTE
    ../mathlib/fpclassify.c                  0x00000000   Number         0  fpclassify.o ABSOLUTE
    dc.s                                     0x00000000   Number         0  dc.o ABSOLUTE
    main.c                                   0x00000000   Number         0  main.o ABSOLUTE
    main.c                                   0x00000000   Number         0  main.o ABSOLUTE
    startup_LPC11xx.s                        0x00000000   Number         0  startup_lpc11xx.o ABSOLUTE
    system_LPC11xx.c                         0x00000000   Number         0  system_lpc11xx.o ABSOLUTE
    system_LPC11xx.c                         0x00000000   Number         0  system_lpc11xx.o ABSOLUTE
    !!!main                                  0x000000c0   Section        8  __main.o(!!!main)
    !!!scatter                               0x000000c8   Section       60  __scatter.o(!!!scatter)
    !!handler_copy                           0x00000104   Section       26  __scatter_copy.o(!!handler_copy)
    !!handler_zi                             0x00000120   Section       28  __scatter_zi.o(!!handler_zi)
    .ARM.Collect$$_printf_percent$$00000000  0x0000013c   Section        2  _printf_percent.o(.ARM.Collect$$_printf_percent$$00000000)
    .ARM.Collect$$_printf_percent$$00000003  0x0000013e   Section       10  _printf_f.o(.ARM.Collect$$_printf_percent$$00000003)
    .ARM.Collect$$_printf_percent$$00000017  0x00000148   Section        4  _printf_percent_end.o(.ARM.Collect$$_printf_percent$$00000017)
    .ARM.Collect$$libinit$$00000000          0x0000014c   Section        2  libinit.o(.ARM.Collect$$libinit$$00000000)
    .ARM.Collect$$libinit$$00000001          0x0000014e   Section        4  libinit2.o(.ARM.Collect$$libinit$$00000001)
    .ARM.Collect$$libinit$$00000008          0x00000152   Section        0  libinit2.o(.ARM.Collect$$libinit$$00000008)
    .ARM.Collect$$libinit$$0000000A          0x00000152   Section        0  libinit2.o(.ARM.Collect$$libinit$$0000000A)
    .ARM.Collect$$libinit$$0000000C          0x00000152   Section        0  libinit2.o(.ARM.Collect$$libinit$$0000000C)
    .ARM.Collect$$libinit$$0000000D          0x00000152   Section        6  libinit2.o(.ARM.Collect$$libinit$$0000000D)
    .ARM.Collect$$libinit$$0000000F          0x00000158   Section        0  libinit2.o(.ARM.Collect$$libinit$$0000000F)
    .ARM.Collect$$libinit$$00000011          0x00000158   Section        0  libinit2.o(.ARM.Collect$$libinit$$00000011)
    .ARM.Collect$$libinit$$00000013          0x00000158   Section        0  libinit2.o(.ARM.Collect$$libinit$$00000013)
    .ARM.Collect$$libinit$$00000014          0x00000158   Section       10  libinit2.o(.ARM.Collect$$libinit$$00000014)
    .ARM.Collect$$libinit$$00000015          0x00000162   Section        0  libinit2.o(.ARM.Collect$$libinit$$00000015)
    .ARM.Collect$$libinit$$00000017          0x00000162   Section        0  libinit2.o(.ARM.Collect$$libinit$$00000017)
    .ARM.Collect$$libinit$$00000019          0x00000162   Section        0  libinit2.o(.ARM.Collect$$libinit$$00000019)
    .ARM.Collect$$libinit$$0000001B          0x00000162   Section        0  libinit2.o(.ARM.Collect$$libinit$$0000001B)
    .ARM.Collect$$libinit$$0000001D          0x00000162   Section        0  libinit2.o(.ARM.Collect$$libinit$$0000001D)
    .ARM.Collect$$libinit$$0000001F          0x00000162   Section        0  libinit2.o(.ARM.Collect$$libinit$$0000001F)
    .ARM.Collect$$libinit$$00000021          0x00000162   Section        0  libinit2.o(.ARM.Collect$$libinit$$00000021)
    .ARM.Collect$$libinit$$00000023          0x00000162   Section        0  libinit2.o(.ARM.Collect$$libinit$$00000023)
    .ARM.Collect$$libinit$$0000002A          0x00000162   Section        0  libinit2.o(.ARM.Collect$$libinit$$0000002A)
    .ARM.Collect$$libinit$$0000002C          0x00000162   Section        0  libinit2.o(.ARM.Collect$$libinit$$0000002C)
    .ARM.Collect$$libinit$$0000002E          0x00000162   Section        0  libinit2.o(.ARM.Collect$$libinit$$0000002E)
    .ARM.Collect$$libinit$$00000030          0x00000162   Section        0  libinit2.o(.ARM.Collect$$libinit$$00000030)
    .ARM.Collect$$libinit$$00000031          0x00000162   Section        2  libinit2.o(.ARM.Collect$$libinit$$00000031)
    .ARM.Collect$$libshutdown$$00000000      0x00000164   Section        2  libshutdown.o(.ARM.Collect$$libshutdown$$00000000)
    .ARM.Collect$$libshutdown$$00000003      0x00000166   Section        0  libshutdown2.o(.ARM.Collect$$libshutdown$$00000003)
    .ARM.Collect$$libshutdown$$00000006      0x00000166   Section        0  libshutdown2.o(.ARM.Collect$$libshutdown$$00000006)
    .ARM.Collect$$libshutdown$$00000009      0x00000166   Section        0  libshutdown2.o(.ARM.Collect$$libshutdown$$00000009)
    .ARM.Collect$$libshutdown$$0000000B      0x00000166   Section        0  libshutdown2.o(.ARM.Collect$$libshutdown$$0000000B)
    .ARM.Collect$$libshutdown$$0000000E      0x00000166   Section        0  libshutdown2.o(.ARM.Collect$$libshutdown$$0000000E)
    .ARM.Collect$$libshutdown$$0000000F      0x00000166   Section        2  libshutdown2.o(.ARM.Collect$$libshutdown$$0000000F)
    .ARM.Collect$$rtentry$$00000000          0x00000168   Section        0  rtentry.o(.ARM.Collect$$rtentry$$00000000)
    .ARM.Collect$$rtentry$$00000002          0x00000168   Section        0  rtentry2.o(.ARM.Collect$$rtentry$$00000002)
    .ARM.Collect$$rtentry$$00000004          0x00000168   Section        6  rtentry4.o(.ARM.Collect$$rtentry$$00000004)
    .ARM.Collect$$rtentry$$00000009          0x0000016e   Section        0  rtentry2.o(.ARM.Collect$$rtentry$$00000009)
    .ARM.Collect$$rtentry$$0000000A          0x0000016e   Section        4  rtentry2.o(.ARM.Collect$$rtentry$$0000000A)
    .ARM.Collect$$rtentry$$0000000C          0x00000172   Section        0  rtentry2.o(.ARM.Collect$$rtentry$$0000000C)
    .ARM.Collect$$rtentry$$0000000D          0x00000172   Section        8  rtentry2.o(.ARM.Collect$$rtentry$$0000000D)
    .ARM.Collect$$rtexit$$00000000           0x0000017a   Section        2  rtexit.o(.ARM.Collect$$rtexit$$00000000)
    .ARM.Collect$$rtexit$$00000002           0x0000017c   Section        0  rtexit2.o(.ARM.Collect$$rtexit$$00000002)
    .ARM.Collect$$rtexit$$00000003           0x0000017c   Section        4  rtexit2.o(.ARM.Collect$$rtexit$$00000003)
    .ARM.Collect$$rtexit$$00000004           0x00000180   Section        6  rtexit2.o(.ARM.Collect$$rtexit$$00000004)
    .text                                    0x00000188   Section       52  startup_lpc11xx.o(.text)
    .text                                    0x000001bc   Section        0  system_lpc11xx.o(.text)
    .text                                    0x0000029c   Section        0  noretval__2sprintf.o(.text)
    .text                                    0x000002c4   Section        0  heapauxi.o(.text)
    .text                                    0x000002cc   Section        0  _printf_char_common.o(.text)
    _printf_input_char                       0x000002cd   Thumb Code    10  _printf_char_common.o(.text)
    .ARM.__at_0x02FC                         0x000002fc   Section        4  startup_lpc11xx.o(.ARM.__at_0x02FC)
    .text                                    0x00000300   Section        0  main.o(.text)
    .text                                    0x00000830   Section        0  __printf_wp.o(.text)
    .text                                    0x00000940   Section        0  d2f.o(.text)
    .text                                    0x000009bc   Section        0  daddsub.o(.text)
    _dadd1                                   0x000009bd   Thumb Code   286  daddsub.o(.text)
    _dsub1                                   0x00000adb   Thumb Code   468  daddsub.o(.text)
    .text                                    0x00000d08   Section        0  ddiv.o(.text)
    .text                                    0x00001154   Section        0  dflti.o(.text)
    .text                                    0x000011ac   Section        0  dmul.o(.text)
    .text                                    0x00001404   Section        0  f2d.o(.text)
    .text                                    0x0000145c   Section        0  fdiv.o(.text)
    .text                                    0x000015bc   Section        0  _printf_fp_dec.o(.text)
    _fp_digits                               0x000015bf   Thumb Code   412  _printf_fp_dec.o(.text)
    .text                                    0x000019d0   Section        0  _sputc.o(.text)
    .text                                    0x000019dc   Section        0  dcmpin.o(.text)
    .text                                    0x00001a6c   Section        8  rt_locale_intlibspace.o(.text)
    .text                                    0x00001a74   Section        0  lludiv10.o(.text)
    .text                                    0x00001af0   Section        0  _printf_fp_infnan.o(.text)
    .text                                    0x00001b78   Section        0  bigflt0.o(.text)
    .text                                    0x00001c44   Section        0  btod.o(.text)
    btod_internal_mul                        0x00001c85   Thumb Code   456  btod.o(.text)
    btod_internal_div                        0x00001e4d   Thumb Code   494  btod.o(.text)
    .text                                    0x000020ec   Section        0  rtudiv10.o(.text)
    .text                                    0x00002114   Section        0  cmpret.o(.text)
    .text                                    0x00002144   Section        0  dnan2.o(.text)
    .text                                    0x00002158   Section        8  libspace.o(.text)
    .text                                    0x00002160   Section       62  sys_stackheap_outer.o(.text)
    .text                                    0x0000219e   Section        0  exit.o(.text)
    .text                                    0x000021ac   Section        0  strcmp.o(.text)
    .text                                    0x00002234   Section      346  aeabi_sdiv.o(.text)
    .text                                    0x0000238e   Section        0  retnan.o(.text)
    .text                                    0x000023ec   Section        0  sys_exit.o(.text)
    .text                                    0x000023f8   Section        2  use_no_semi.o(.text)
    .text                                    0x000023fa   Section        0  indicate_semi.o(.text)
    i.__ARM_common_ll_muluu                  0x000023fa   Section        0  btod.o(i.__ARM_common_ll_muluu)
    i.__ARM_fpclassify                       0x0000242c   Section        0  fpclassify.o(i.__ARM_fpclassify)
    i._is_digit                              0x00002458   Section        0  __printf_wp.o(i._is_digit)
    locale$$code                             0x00002468   Section       44  lc_numeric_c.o(locale$$code)
    x$fpl$dleqf                              0x00002494   Section      100  dlef.o(x$fpl$dleqf)
    x$fpl$drleqf                             0x000024f8   Section      104  drlef.o(x$fpl$drleqf)
    x$fpl$fadd                               0x00002560   Section      140  faddsub.o(x$fpl$fadd)
    _fadd1                                   0x0000256d   Thumb Code     0  faddsub.o(x$fpl$fadd)
    x$fpl$fmul                               0x000025ec   Section      176  fmul.o(x$fpl$fmul)
    x$fpl$fsub                               0x0000269c   Section      208  faddsub.o(x$fpl$fsub)
    _fsub1                                   0x000026a9   Thumb Code     0  faddsub.o(x$fpl$fsub)
    x$fpl$printf1                            0x0000276c   Section       16  printf1.o(x$fpl$printf1)
    .constdata                               0x0000277c   Section      128  ddiv.o(.constdata)
    x$fpl$usenofp                            0x0000277c   Section        0  usenofp.o(x$fpl$usenofp)
    ddiv_reciptbl                            0x0000277c   Data         128  ddiv.o(.constdata)
    .constdata                               0x000027fc   Section       64  fdiv.o(.constdata)
    fdiv_tab                                 0x000027fc   Data          64  fdiv.o(.constdata)
    .constdata                               0x0000283c   Section      148  bigflt0.o(.constdata)
    tenpwrs_x                                0x0000283c   Data          60  bigflt0.o(.constdata)
    tenpwrs_i                                0x00002878   Data          64  bigflt0.o(.constdata)
    locale$$data                             0x000028f0   Section       28  lc_numeric_c.o(locale$$data)
    __lcnum_c_name                           0x000028f4   Data           2  lc_numeric_c.o(locale$$data)
    __lcnum_c_start                          0x000028fc   Data           0  lc_numeric_c.o(locale$$data)
    __lcnum_c_point                          0x00002908   Data           0  lc_numeric_c.o(locale$$data)
    __lcnum_c_thousands                      0x0000290a   Data           0  lc_numeric_c.o(locale$$data)
    __lcnum_c_grouping                       0x0000290b   Data           0  lc_numeric_c.o(locale$$data)
    __lcnum_c_end                            0x0000290c   Data           0  lc_numeric_c.o(locale$$data)
    .data                                    0x10000000   Section       12  system_lpc11xx.o(.data)
    .bss                                     0x1000000c   Section       96  libspace.o(.bss)
    HEAP                                     0x10000070   Section        0  startup_lpc11xx.o(HEAP)
    STACK                                    0x10000070   Section      512  startup_lpc11xx.o(STACK)
    Heap_Mem                                 0x10000070   Data           0  startup_lpc11xx.o(HEAP)
    Stack_Mem                                0x10000070   Data         512  startup_lpc11xx.o(STACK)
    __initial_sp                             0x10000270   Data           0  startup_lpc11xx.o(STACK)

    Global Symbols

    Symbol Name                              Value     Ov Type        Size  Object(Section)

    BuildAttributes$$THM_ISAv3M$S$PE$A:L22$X:L11$S22$IEEE1$IW$USESV6$~STKCKD$USESV7$~SHL$OTIME$ROPI$IEEEJ$EBA8$UX$STANDARDLIB$REQ8$PRES8$EABIv2 0x00000000   Number         0  anon$$obj.o ABSOLUTE
    __ARM_use_no_argv                        0x00000000   Number         0  main.o ABSOLUTE
    __Vectors                                0x00000000   Data           4  startup_lpc11xx.o(RESET)
    _printf_flags                            0x00000000   Number         0  printf_stubs.o ABSOLUTE
    _printf_return_value                     0x00000000   Number         0  printf_stubs.o ABSOLUTE
    _printf_sizespec                         0x00000000   Number         0  printf_stubs.o ABSOLUTE
    _printf_widthprec                        0x00000000   Number         0  printf_stubs.o ABSOLUTE
    __ARM_exceptions_init                     - Undefined Weak Reference
    __alloca_initialize                       - Undefined Weak Reference
    __cpp_initialize__aeabi_                  - Undefined Weak Reference
    __cxa_finalize                            - Undefined Weak Reference
    __sigvec_lookup                           - Undefined Weak Reference
    _atexit_init                              - Undefined Weak Reference
    _call_atexit_fns                          - Undefined Weak Reference
    _clock_init                               - Undefined Weak Reference
    _fp_trap_init                             - Undefined Weak Reference
    _fp_trap_shutdown                         - Undefined Weak Reference
    _get_lc_collate                           - Undefined Weak Reference
    _get_lc_ctype                             - Undefined Weak Reference
    _get_lc_monetary                          - Undefined Weak Reference
    _get_lc_time                              - Undefined Weak Reference
    _getenv_init                              - Undefined Weak Reference
    _handle_redirection                       - Undefined Weak Reference
    _init_alloc                               - Undefined Weak Reference
    _init_user_alloc                          - Undefined Weak Reference
    _initio                                   - Undefined Weak Reference
    _printf_post_padding                      - Undefined Weak Reference
    _printf_pre_padding                       - Undefined Weak Reference
    _rand_init                                - Undefined Weak Reference
    _signal_finish                            - Undefined Weak Reference
    _signal_init                              - Undefined Weak Reference
    _terminate_alloc                          - Undefined Weak Reference
    _terminate_user_alloc                     - Undefined Weak Reference
    _terminateio                              - Undefined Weak Reference
    __main                                   0x000000c1   Thumb Code     8  __main.o(!!!main)
    __scatterload                            0x000000c9   Thumb Code     0  __scatter.o(!!!scatter)
    __scatterload_rt2                        0x000000c9   Thumb Code    52  __scatter.o(!!!scatter)
    __scatterload_rt2_thumb_only             0x000000c9   Thumb Code     0  __scatter.o(!!!scatter)
    __scatterload_null                       0x000000d9   Thumb Code     0  __scatter.o(!!!scatter)
    __scatterload_copy                       0x00000105   Thumb Code    26  __scatter_copy.o(!!handler_copy)
    __scatterload_zeroinit                   0x00000121   Thumb Code    28  __scatter_zi.o(!!handler_zi)
    _printf_percent                          0x0000013d   Thumb Code     0  _printf_percent.o(.ARM.Collect$$_printf_percent$$00000000)
    _printf_f                                0x0000013f   Thumb Code     0  _printf_f.o(.ARM.Collect$$_printf_percent$$00000003)
    _printf_percent_end                      0x00000149   Thumb Code     0  _printf_percent_end.o(.ARM.Collect$$_printf_percent$$00000017)
    __rt_lib_init                            0x0000014d   Thumb Code     0  libinit.o(.ARM.Collect$$libinit$$00000000)
    __rt_lib_init_fp_1                       0x0000014f   Thumb Code     0  libinit2.o(.ARM.Collect$$libinit$$00000001)
    __rt_lib_init_heap_1                     0x00000153   Thumb Code     0  libinit2.o(.ARM.Collect$$libinit$$00000008)
    __rt_lib_init_lc_common                  0x00000153   Thumb Code     0  libinit2.o(.ARM.Collect$$libinit$$0000000D)
    __rt_lib_init_rand_1                     0x00000153   Thumb Code     0  libinit2.o(.ARM.Collect$$libinit$$0000000C)
    __rt_lib_init_user_alloc_1               0x00000153   Thumb Code     0  libinit2.o(.ARM.Collect$$libinit$$0000000A)
    __rt_lib_init_lc_collate_1               0x00000159   Thumb Code     0  libinit2.o(.ARM.Collect$$libinit$$0000000F)
    __rt_lib_init_lc_ctype_1                 0x00000159   Thumb Code     0  libinit2.o(.ARM.Collect$$libinit$$00000011)
    __rt_lib_init_lc_monetary_1              0x00000159   Thumb Code     0  libinit2.o(.ARM.Collect$$libinit$$00000013)
    __rt_lib_init_lc_numeric_2               0x00000159   Thumb Code     0  libinit2.o(.ARM.Collect$$libinit$$00000014)
    __rt_lib_init_alloca_1                   0x00000163   Thumb Code     0  libinit2.o(.ARM.Collect$$libinit$$0000002C)
    __rt_lib_init_argv_1                     0x00000163   Thumb Code     0  libinit2.o(.ARM.Collect$$libinit$$0000002A)
    __rt_lib_init_atexit_1                   0x00000163   Thumb Code     0  libinit2.o(.ARM.Collect$$libinit$$00000019)
    __rt_lib_init_clock_1                    0x00000163   Thumb Code     0  libinit2.o(.ARM.Collect$$libinit$$0000001F)
    __rt_lib_init_cpp_1                      0x00000163   Thumb Code     0  libinit2.o(.ARM.Collect$$libinit$$00000030)
    __rt_lib_init_exceptions_1               0x00000163   Thumb Code     0  libinit2.o(.ARM.Collect$$libinit$$0000002E)
    __rt_lib_init_fp_trap_1                  0x00000163   Thumb Code     0  libinit2.o(.ARM.Collect$$libinit$$0000001D)
    __rt_lib_init_getenv_1                   0x00000163   Thumb Code     0  libinit2.o(.ARM.Collect$$libinit$$00000021)
    __rt_lib_init_lc_numeric_1               0x00000163   Thumb Code     0  libinit2.o(.ARM.Collect$$libinit$$00000015)
    __rt_lib_init_lc_time_1                  0x00000163   Thumb Code     0  libinit2.o(.ARM.Collect$$libinit$$00000017)
    __rt_lib_init_return                     0x00000163   Thumb Code     0  libinit2.o(.ARM.Collect$$libinit$$00000031)
    __rt_lib_init_signal_1                   0x00000163   Thumb Code     0  libinit2.o(.ARM.Collect$$libinit$$0000001B)
    __rt_lib_init_stdio_1                    0x00000163   Thumb Code     0  libinit2.o(.ARM.Collect$$libinit$$00000023)
    __rt_lib_shutdown                        0x00000165   Thumb Code     0  libshutdown.o(.ARM.Collect$$libshutdown$$00000000)
    __rt_lib_shutdown_fp_trap_1              0x00000167   Thumb Code     0  libshutdown2.o(.ARM.Collect$$libshutdown$$00000006)
    __rt_lib_shutdown_heap_1                 0x00000167   Thumb Code     0  libshutdown2.o(.ARM.Collect$$libshutdown$$0000000E)
    __rt_lib_shutdown_return                 0x00000167   Thumb Code     0  libshutdown2.o(.ARM.Collect$$libshutdown$$0000000F)
    __rt_lib_shutdown_signal_1               0x00000167   Thumb Code     0  libshutdown2.o(.ARM.Collect$$libshutdown$$00000009)
    __rt_lib_shutdown_stdio_1                0x00000167   Thumb Code     0  libshutdown2.o(.ARM.Collect$$libshutdown$$00000003)
    __rt_lib_shutdown_user_alloc_1           0x00000167   Thumb Code     0  libshutdown2.o(.ARM.Collect$$libshutdown$$0000000B)
    __rt_entry                               0x00000169   Thumb Code     0  rtentry.o(.ARM.Collect$$rtentry$$00000000)
    __rt_entry_presh_1                       0x00000169   Thumb Code     0  rtentry2.o(.ARM.Collect$$rtentry$$00000002)
    __rt_entry_sh                            0x00000169   Thumb Code     0  rtentry4.o(.ARM.Collect$$rtentry$$00000004)
    __rt_entry_li                            0x0000016f   Thumb Code     0  rtentry2.o(.ARM.Collect$$rtentry$$0000000A)
    __rt_entry_postsh_1                      0x0000016f   Thumb Code     0  rtentry2.o(.ARM.Collect$$rtentry$$00000009)
    __rt_entry_main                          0x00000173   Thumb Code     0  rtentry2.o(.ARM.Collect$$rtentry$$0000000D)
    __rt_entry_postli_1                      0x00000173   Thumb Code     0  rtentry2.o(.ARM.Collect$$rtentry$$0000000C)
    __rt_exit                                0x0000017b   Thumb Code     0  rtexit.o(.ARM.Collect$$rtexit$$00000000)
    __rt_exit_ls                             0x0000017d   Thumb Code     0  rtexit2.o(.ARM.Collect$$rtexit$$00000003)
    __rt_exit_prels_1                        0x0000017d   Thumb Code     0  rtexit2.o(.ARM.Collect$$rtexit$$00000002)
    __rt_exit_exit                           0x00000181   Thumb Code     0  rtexit2.o(.ARM.Collect$$rtexit$$00000004)
    Reset_Handler                            0x00000189   Thumb Code     8  startup_lpc11xx.o(.text)
    NMI_Handler                              0x00000191   Thumb Code     2  startup_lpc11xx.o(.text)
    HardFault_Handler                        0x00000193   Thumb Code     2  startup_lpc11xx.o(.text)
    SVC_Handler                              0x00000195   Thumb Code     2  startup_lpc11xx.o(.text)
    PendSV_Handler                           0x00000197   Thumb Code     2  startup_lpc11xx.o(.text)
    SysTick_Handler                          0x00000199   Thumb Code     2  startup_lpc11xx.o(.text)
    ADC_IRQHandler                           0x0000019b   Thumb Code     0  startup_lpc11xx.o(.text)
    BOD_IRQHandler                           0x0000019b   Thumb Code     0  startup_lpc11xx.o(.text)
    CAN_IRQHandler                           0x0000019b   Thumb Code     0  startup_lpc11xx.o(.text)
    FMC_IRQHandler                           0x0000019b   Thumb Code     0  startup_lpc11xx.o(.text)
    I2C_IRQHandler                           0x0000019b   Thumb Code     0  startup_lpc11xx.o(.text)
    PIOINT0_IRQHandler                       0x0000019b   Thumb Code     0  startup_lpc11xx.o(.text)
    PIOINT1_IRQHandler                       0x0000019b   Thumb Code     0  startup_lpc11xx.o(.text)
    PIOINT2_IRQHandler                       0x0000019b   Thumb Code     0  startup_lpc11xx.o(.text)
    PIOINT3_IRQHandler                       0x0000019b   Thumb Code     0  startup_lpc11xx.o(.text)
    SSP0_IRQHandler                          0x0000019b   Thumb Code     0  startup_lpc11xx.o(.text)
    SSP1_IRQHandler                          0x0000019b   Thumb Code     0  startup_lpc11xx.o(.text)
    TIMER16_0_IRQHandler                     0x0000019b   Thumb Code     0  startup_lpc11xx.o(.text)
    TIMER16_1_IRQHandler                     0x0000019b   Thumb Code     0  startup_lpc11xx.o(.text)
    TIMER32_0_IRQHandler                     0x0000019b   Thumb Code     0  startup_lpc11xx.o(.text)
    TIMER32_1_IRQHandler                     0x0000019b   Thumb Code     0  startup_lpc11xx.o(.text)
    UART_IRQHandler                          0x0000019b   Thumb Code     0  startup_lpc11xx.o(.text)
    USB_FIQHandler                           0x0000019b   Thumb Code     0  startup_lpc11xx.o(.text)
    USB_IRQHandler                           0x0000019b   Thumb Code     0  startup_lpc11xx.o(.text)
    WAKEUP_IRQHandler                        0x0000019b   Thumb Code     0  startup_lpc11xx.o(.text)
    WDT_IRQHandler                           0x0000019b   Thumb Code     0  startup_lpc11xx.o(.text)
    __user_initial_stackheap                 0x0000019d   Thumb Code     0  startup_lpc11xx.o(.text)
    Main_PLL_Setup                           0x000001bd   Thumb Code   142  system_lpc11xx.o(.text)
    SystemInit                               0x0000024b   Thumb Code    56  system_lpc11xx.o(.text)
    __2sprintf                               0x0000029d   Thumb Code    36  noretval__2sprintf.o(.text)
    __use_two_region_memory                  0x000002c5   Thumb Code     2  heapauxi.o(.text)
    __rt_heap_escrow$2region                 0x000002c7   Thumb Code     2  heapauxi.o(.text)
    __rt_heap_expand$2region                 0x000002c9   Thumb Code     2  heapauxi.o(.text)
    _printf_char_common                      0x000002d7   Thumb Code    32  _printf_char_common.o(.text)
    delay_us                                 0x00000301   Thumb Code    38  main.o(.text)
    delay_ms                                 0x00000327   Thumb Code    34  main.o(.text)
    desliza_texto                            0x00000349   Thumb Code    34  main.o(.text)
    limpia_pantalla                          0x0000036b   Thumb Code    12  main.o(.text)
    set_brillo                               0x00000377   Thumb Code    12  main.o(.text)
    enciende_pantalla                        0x00000383   Thumb Code    12  main.o(.text)
    apaga_pantalla                           0x0000038f   Thumb Code    12  main.o(.text)
    enciende_cursor                          0x0000039b   Thumb Code    12  main.o(.text)
    corre_cursor                             0x000003a7   Thumb Code    14  main.o(.text)
    splash_screen                            0x000003b5   Thumb Code    12  main.o(.text)
    set_splash_screen                        0x000003c1   Thumb Code    12  main.o(.text)
    imprime                                  0x000003cd   Thumb Code   120  main.o(.text)
    buzzer                                   0x00000445   Thumb Code    64  main.o(.text)
    Init_ADC                                 0x00000485   Thumb Code    82  main.o(.text)
    readADC                                  0x000004d7   Thumb Code    48  main.o(.text)
    init_uart                                0x00000507   Thumb Code   100  main.o(.text)
    init_buzzer                              0x0000056b   Thumb Code    86  main.o(.text)
    pin_init                                 0x000005c1   Thumb Code    26  main.o(.text)
    main                                     0x000005db   Thumb Code   590  main.o(.text)
    __printf                                 0x00000831   Thumb Code   270  __printf_wp.o(.text)
    __aeabi_d2f                              0x00000941   Thumb Code     0  d2f.o(.text)
    _d2f                                     0x00000941   Thumb Code   120  d2f.o(.text)
    __aeabi_dadd                             0x00000caf   Thumb Code     0  daddsub.o(.text)
    _dadd                                    0x00000caf   Thumb Code    22  daddsub.o(.text)
    __aeabi_dsub                             0x00000cc5   Thumb Code     0  daddsub.o(.text)
    _dsub                                    0x00000cc5   Thumb Code    22  daddsub.o(.text)
    __aeabi_drsub                            0x00000cdb   Thumb Code     0  daddsub.o(.text)
    _drsb                                    0x00000cdb   Thumb Code    24  daddsub.o(.text)
    __aeabi_ddiv                             0x00000d09   Thumb Code     0  ddiv.o(.text)
    _ddiv                                    0x00000d09   Thumb Code  1076  ddiv.o(.text)
    _drdiv                                   0x0000113d   Thumb Code    20  ddiv.o(.text)
    __aeabi_i2d_normalise                    0x00001155   Thumb Code    66  dflti.o(.text)
    __aeabi_i2d                              0x00001197   Thumb Code    16  dflti.o(.text)
    _dflt                                    0x00001197   Thumb Code     0  dflti.o(.text)
    __aeabi_ui2d                             0x000011a7   Thumb Code     6  dflti.o(.text)
    _dfltu                                   0x000011a7   Thumb Code     0  dflti.o(.text)
    __aeabi_dmul                             0x000011ad   Thumb Code     0  dmul.o(.text)
    _dmul                                    0x000011ad   Thumb Code   578  dmul.o(.text)
    __aeabi_f2d                              0x00001405   Thumb Code     0  f2d.o(.text)
    _f2d                                     0x00001405   Thumb Code    82  f2d.o(.text)
    __aeabi_fdiv                             0x0000145d   Thumb Code     0  fdiv.o(.text)
    _fdiv                                    0x0000145d   Thumb Code   336  fdiv.o(.text)
    _frdiv                                   0x000015ad   Thumb Code     8  fdiv.o(.text)
    __lib_sel_fp_printf                      0x000015bd   Thumb Code     2  _printf_fp_dec.o(.text)
    _printf_fp_dec_real                      0x0000175b   Thumb Code   618  _printf_fp_dec.o(.text)
    _sputc                                   0x000019d1   Thumb Code    10  _sputc.o(.text)
    __fpl_dcmp_InfNaN                        0x000019dd   Thumb Code   140  dcmpin.o(.text)
    __rt_locale                              0x00001a6d   Thumb Code     8  rt_locale_intlibspace.o(.text)
    _ll_udiv10                               0x00001a75   Thumb Code   122  lludiv10.o(.text)
    _printf_fp_infnan                        0x00001af1   Thumb Code   120  _printf_fp_infnan.o(.text)
    _btod_etento                             0x00001b79   Thumb Code   200  bigflt0.o(.text)
    _btod_d2e                                0x00001c45   Thumb Code    64  btod.o(.text)
    _btod_emul                               0x0000203b   Thumb Code    24  btod.o(.text)
    _btod_emuld                              0x00002053   Thumb Code    60  btod.o(.text)
    _btod_ediv                               0x0000208f   Thumb Code    22  btod.o(.text)
    _btod_edivd                              0x000020a5   Thumb Code    60  btod.o(.text)
    __rt_udiv10                              0x000020ed   Thumb Code    40  rtudiv10.o(.text)
    __fpl_cmpreturn                          0x00002115   Thumb Code    42  cmpret.o(.text)
    __fpl_dcheck_NaN2                        0x00002145   Thumb Code    14  dnan2.o(.text)
    __user_libspace                          0x00002159   Thumb Code     8  libspace.o(.text)
    __user_perproc_libspace                  0x00002159   Thumb Code     0  libspace.o(.text)
    __user_perthread_libspace                0x00002159   Thumb Code     0  libspace.o(.text)
    __user_setup_stackheap                   0x00002161   Thumb Code    62  sys_stackheap_outer.o(.text)
    exit                                     0x0000219f   Thumb Code    12  exit.o(.text)
    strcmp                                   0x000021ad   Thumb Code   132  strcmp.o(.text)
    __aeabi_uidiv                            0x00002235   Thumb Code     0  aeabi_sdiv.o(.text)
    __aeabi_uidivmod                         0x00002235   Thumb Code    20  aeabi_sdiv.o(.text)
    __aeabi_idiv                             0x00002249   Thumb Code     0  aeabi_sdiv.o(.text)
    __aeabi_idivmod                          0x00002249   Thumb Code   326  aeabi_sdiv.o(.text)
    __fpl_return_NaN                         0x0000238f   Thumb Code    94  retnan.o(.text)
    _sys_exit                                0x000023ed   Thumb Code     8  sys_exit.o(.text)
    __I$use$semihosting                      0x000023f9   Thumb Code     0  use_no_semi.o(.text)
    __use_no_semihosting_swi                 0x000023f9   Thumb Code     2  use_no_semi.o(.text)
    __ARM_common_ll_muluu                    0x000023fb   Thumb Code    48  btod.o(i.__ARM_common_ll_muluu)
    __semihosting_library_function           0x000023fb   Thumb Code     0  indicate_semi.o(.text)
    __ARM_fpclassify                         0x0000242d   Thumb Code    38  fpclassify.o(i.__ARM_fpclassify)
    _is_digit                                0x00002459   Thumb Code    14  __printf_wp.o(i._is_digit)
    _get_lc_numeric                          0x00002469   Thumb Code    44  lc_numeric_c.o(locale$$code)
    __aeabi_cdcmple                          0x00002495   Thumb Code     0  dlef.o(x$fpl$dleqf)
    _dcmple                                  0x00002495   Thumb Code    94  dlef.o(x$fpl$dleqf)
    __aeabi_cdrcmple                         0x000024f9   Thumb Code     0  drlef.o(x$fpl$drleqf)
    _drcmple                                 0x000024f9   Thumb Code   100  drlef.o(x$fpl$drleqf)
    __aeabi_fadd                             0x00002561   Thumb Code     0  faddsub.o(x$fpl$fadd)
    _fadd                                    0x00002561   Thumb Code   134  faddsub.o(x$fpl$fadd)
    __aeabi_fmul                             0x000025ed   Thumb Code     0  fmul.o(x$fpl$fmul)
    _fmul                                    0x000025ed   Thumb Code   172  fmul.o(x$fpl$fmul)
    __aeabi_fsub                             0x0000269d   Thumb Code     0  faddsub.o(x$fpl$fsub)
    _fsub                                    0x0000269d   Thumb Code   204  faddsub.o(x$fpl$fsub)
    _printf_fp_dec                           0x0000276d   Thumb Code    16  printf1.o(x$fpl$printf1)
    __I$use$fp                               0x0000277c   Number         0  usenofp.o(x$fpl$usenofp)
    Region$$Table$$Base                      0x000028d0   Number         0  anon$$obj.o(Region$$Table)
    Region$$Table$$Limit                     0x000028f0   Number         0  anon$$obj.o(Region$$Table)
    ClockSource                              0x10000000   Data           4  system_lpc11xx.o(.data)
    SystemFrequency                          0x10000004   Data           4  system_lpc11xx.o(.data)
    SystemAHBFrequency                       0x10000008   Data           4  system_lpc11xx.o(.data)
    __libspace_start                         0x1000000c   Data          96  libspace.o(.bss)
    __temporary_stack_top$libspace           0x1000006c   Data           0  libspace.o(.bss)



==============================================================================

Memory Map of the image

  Image Entry point : 0x00000189

  Load Region LR_1 (Base: 0x00000000, Size: 0x00002918, Max: 0xffffffff, ABSOLUTE)

    Execution Region ER_RO (Base: 0x00000000, Size: 0x0000290c, Max: 0xffffffff, ABSOLUTE)

    Base Addr    Size         Type   Attr      Idx    E Section Name        Object

    0x00000000   0x000000c0   Data   RO            3    RESET               startup_lpc11xx.o
    0x000000c0   0x00000008   Code   RO          112  * !!!main             c_p.l(__main.o)
    0x000000c8   0x0000003c   Code   RO          357    !!!scatter          c_p.l(__scatter.o)
    0x00000104   0x0000001a   Code   RO          359    !!handler_copy      c_p.l(__scatter_copy.o)
    0x0000011e   0x00000002   PAD
    0x00000120   0x0000001c   Code   RO          361    !!handler_zi        c_p.l(__scatter_zi.o)
    0x0000013c   0x00000002   Code   RO          109    .ARM.Collect$$_printf_percent$$00000000  c_p.l(_printf_percent.o)
    0x0000013e   0x0000000a   Code   RO          108    .ARM.Collect$$_printf_percent$$00000003  c_p.l(_printf_f.o)
    0x00000148   0x00000004   Code   RO          151    .ARM.Collect$$_printf_percent$$00000017  c_p.l(_printf_percent_end.o)
    0x0000014c   0x00000002   Code   RO          220    .ARM.Collect$$libinit$$00000000  c_p.l(libinit.o)
    0x0000014e   0x00000004   Code   RO          221    .ARM.Collect$$libinit$$00000001  c_p.l(libinit2.o)
    0x00000152   0x00000000   Code   RO          225    .ARM.Collect$$libinit$$00000008  c_p.l(libinit2.o)
    0x00000152   0x00000000   Code   RO          227    .ARM.Collect$$libinit$$0000000A  c_p.l(libinit2.o)
    0x00000152   0x00000000   Code   RO          229    .ARM.Collect$$libinit$$0000000C  c_p.l(libinit2.o)
    0x00000152   0x00000006   Code   RO          230    .ARM.Collect$$libinit$$0000000D  c_p.l(libinit2.o)
    0x00000158   0x00000000   Code   RO          232    .ARM.Collect$$libinit$$0000000F  c_p.l(libinit2.o)
    0x00000158   0x00000000   Code   RO          234    .ARM.Collect$$libinit$$00000011  c_p.l(libinit2.o)
    0x00000158   0x00000000   Code   RO          236    .ARM.Collect$$libinit$$00000013  c_p.l(libinit2.o)
    0x00000158   0x0000000a   Code   RO          237    .ARM.Collect$$libinit$$00000014  c_p.l(libinit2.o)
    0x00000162   0x00000000   Code   RO          238    .ARM.Collect$$libinit$$00000015  c_p.l(libinit2.o)
    0x00000162   0x00000000   Code   RO          240    .ARM.Collect$$libinit$$00000017  c_p.l(libinit2.o)
    0x00000162   0x00000000   Code   RO          242    .ARM.Collect$$libinit$$00000019  c_p.l(libinit2.o)
    0x00000162   0x00000000   Code   RO          244    .ARM.Collect$$libinit$$0000001B  c_p.l(libinit2.o)
    0x00000162   0x00000000   Code   RO          246    .ARM.Collect$$libinit$$0000001D  c_p.l(libinit2.o)
    0x00000162   0x00000000   Code   RO          248    .ARM.Collect$$libinit$$0000001F  c_p.l(libinit2.o)
    0x00000162   0x00000000   Code   RO          250    .ARM.Collect$$libinit$$00000021  c_p.l(libinit2.o)
    0x00000162   0x00000000   Code   RO          252    .ARM.Collect$$libinit$$00000023  c_p.l(libinit2.o)
    0x00000162   0x00000000   Code   RO          256    .ARM.Collect$$libinit$$0000002A  c_p.l(libinit2.o)
    0x00000162   0x00000000   Code   RO          258    .ARM.Collect$$libinit$$0000002C  c_p.l(libinit2.o)
    0x00000162   0x00000000   Code   RO          260    .ARM.Collect$$libinit$$0000002E  c_p.l(libinit2.o)
    0x00000162   0x00000000   Code   RO          262    .ARM.Collect$$libinit$$00000030  c_p.l(libinit2.o)
    0x00000162   0x00000002   Code   RO          263    .ARM.Collect$$libinit$$00000031  c_p.l(libinit2.o)
    0x00000164   0x00000002   Code   RO          306    .ARM.Collect$$libshutdown$$00000000  c_p.l(libshutdown.o)
    0x00000166   0x00000000   Code   RO          320    .ARM.Collect$$libshutdown$$00000003  c_p.l(libshutdown2.o)
    0x00000166   0x00000000   Code   RO          323    .ARM.Collect$$libshutdown$$00000006  c_p.l(libshutdown2.o)
    0x00000166   0x00000000   Code   RO          326    .ARM.Collect$$libshutdown$$00000009  c_p.l(libshutdown2.o)
    0x00000166   0x00000000   Code   RO          328    .ARM.Collect$$libshutdown$$0000000B  c_p.l(libshutdown2.o)
    0x00000166   0x00000000   Code   RO          331    .ARM.Collect$$libshutdown$$0000000E  c_p.l(libshutdown2.o)
    0x00000166   0x00000002   Code   RO          332    .ARM.Collect$$libshutdown$$0000000F  c_p.l(libshutdown2.o)
    0x00000168   0x00000000   Code   RO          144    .ARM.Collect$$rtentry$$00000000  c_p.l(rtentry.o)
    0x00000168   0x00000000   Code   RO          156    .ARM.Collect$$rtentry$$00000002  c_p.l(rtentry2.o)
    0x00000168   0x00000006   Code   RO          168    .ARM.Collect$$rtentry$$00000004  c_p.l(rtentry4.o)
    0x0000016e   0x00000000   Code   RO          158    .ARM.Collect$$rtentry$$00000009  c_p.l(rtentry2.o)
    0x0000016e   0x00000004   Code   RO          159    .ARM.Collect$$rtentry$$0000000A  c_p.l(rtentry2.o)
    0x00000172   0x00000000   Code   RO          161    .ARM.Collect$$rtentry$$0000000C  c_p.l(rtentry2.o)
    0x00000172   0x00000008   Code   RO          162    .ARM.Collect$$rtentry$$0000000D  c_p.l(rtentry2.o)
    0x0000017a   0x00000002   Code   RO          267    .ARM.Collect$$rtexit$$00000000  c_p.l(rtexit.o)
    0x0000017c   0x00000000   Code   RO          278    .ARM.Collect$$rtexit$$00000002  c_p.l(rtexit2.o)
    0x0000017c   0x00000004   Code   RO          279    .ARM.Collect$$rtexit$$00000003  c_p.l(rtexit2.o)
    0x00000180   0x00000006   Code   RO          280    .ARM.Collect$$rtexit$$00000004  c_p.l(rtexit2.o)
    0x00000186   0x00000002   PAD
    0x00000188   0x00000034   Code   RO            5  * .text               startup_lpc11xx.o
    0x000001bc   0x000000e0   Code   RO           59    .text               system_lpc11xx.o
    0x0000029c   0x00000028   Code   RO           84    .text               c_p.l(noretval__2sprintf.o)
    0x000002c4   0x00000006   Code   RO          110    .text               c_p.l(heapauxi.o)
    0x000002ca   0x00000002   PAD
    0x000002cc   0x00000030   Code   RO          147    .text               c_p.l(_printf_char_common.o)
    0x000002fc   0x00000004   Code   RO            4    .ARM.__at_0x02FC    startup_lpc11xx.o
    0x00000300   0x00000530   Code   RO           15    .text               main.o
    0x00000830   0x0000010e   Code   RO           96    .text               c_p.l(__printf_wp.o)
    0x0000093e   0x00000002   PAD
    0x00000940   0x0000007c   Code   RO          114    .text               fz_ps.l(d2f.o)
    0x000009bc   0x0000034c   Code   RO          116    .text               fz_ps.l(daddsub.o)
    0x00000d08   0x0000044c   Code   RO          118    .text               fz_ps.l(ddiv.o)
    0x00001154   0x00000058   Code   RO          121    .text               fz_ps.l(dflti.o)
    0x000011ac   0x00000258   Code   RO          125    .text               fz_ps.l(dmul.o)
    0x00001404   0x00000058   Code   RO          129    .text               fz_ps.l(f2d.o)
    0x0000145c   0x00000160   Code   RO          137    .text               fz_ps.l(fdiv.o)
    0x000015bc   0x00000414   Code   RO          145    .text               c_p.l(_printf_fp_dec.o)
    0x000019d0   0x0000000a   Code   RO          149    .text               c_p.l(_sputc.o)
    0x000019da   0x00000002   PAD
    0x000019dc   0x00000090   Code   RO          152    .text               fz_ps.l(dcmpin.o)
    0x00001a6c   0x00000008   Code   RO          173    .text               c_p.l(rt_locale_intlibspace.o)
    0x00001a74   0x0000007a   Code   RO          175    .text               c_p.l(lludiv10.o)
    0x00001aee   0x00000002   PAD
    0x00001af0   0x00000088   Code   RO          177    .text               c_p.l(_printf_fp_infnan.o)
    0x00001b78   0x000000cc   Code   RO          181    .text               c_p.l(bigflt0.o)
    0x00001c44   0x000004a8   Code   RO          184    .text               c_p.l(btod.o)
    0x000020ec   0x00000028   Code   RO          191    .text               c_p.l(rtudiv10.o)
    0x00002114   0x00000030   Code   RO          193    .text               fz_ps.l(cmpret.o)
    0x00002144   0x00000014   Code   RO          195    .text               fz_ps.l(dnan2.o)
    0x00002158   0x00000008   Code   RO          201    .text               c_p.l(libspace.o)
    0x00002160   0x0000003e   Code   RO          204    .text               c_p.l(sys_stackheap_outer.o)
    0x0000219e   0x0000000c   Code   RO          207    .text               c_p.l(exit.o)
    0x000021aa   0x00000002   PAD
    0x000021ac   0x00000088   Code   RO          209    .text               c_p.l(strcmp.o)
    0x00002234   0x0000015a   Code   RO          211    .text               c_p.l(aeabi_sdiv.o)
    0x0000238e   0x0000005e   Code   RO          264    .text               fz_ps.l(retnan.o)
    0x000023ec   0x0000000c   Code   RO          292    .text               c_p.l(sys_exit.o)
    0x000023f8   0x00000002   Code   RO          307    .text               c_p.l(use_no_semi.o)
    0x000023fa   0x00000000   Code   RO          309    .text               c_p.l(indicate_semi.o)
    0x000023fa   0x00000030   Code   RO          186    i.__ARM_common_ll_muluu  c_p.l(btod.o)
    0x0000242a   0x00000002   PAD
    0x0000242c   0x0000002c   Code   RO          199    i.__ARM_fpclassify  m_ps.l(fpclassify.o)
    0x00002458   0x0000000e   Code   RO           98    i._is_digit         c_p.l(__printf_wp.o)
    0x00002466   0x00000002   PAD
    0x00002468   0x0000002c   Code   RO          189    locale$$code        c_p.l(lc_numeric_c.o)
    0x00002494   0x00000064   Code   RO          123    x$fpl$dleqf         fz_ps.l(dlef.o)
    0x000024f8   0x00000068   Code   RO          127    x$fpl$drleqf        fz_ps.l(drlef.o)
    0x00002560   0x0000008c   Code   RO          131    x$fpl$fadd          fz_ps.l(faddsub.o)
    0x000025ec   0x000000b0   Code   RO          140    x$fpl$fmul          fz_ps.l(fmul.o)
    0x0000269c   0x000000d0   Code   RO          133    x$fpl$fsub          fz_ps.l(faddsub.o)
    0x0000276c   0x00000010   Code   RO          142    x$fpl$printf1       fz_ps.l(printf1.o)
    0x0000277c   0x00000000   Code   RO          154    x$fpl$usenofp       fz_ps.l(usenofp.o)
    0x0000277c   0x00000080   Data   RO          119    .constdata          fz_ps.l(ddiv.o)
    0x000027fc   0x00000040   Data   RO          138    .constdata          fz_ps.l(fdiv.o)
    0x0000283c   0x00000094   Data   RO          182    .constdata          c_p.l(bigflt0.o)
    0x000028d0   0x00000020   Data   RO          355    Region$$Table       anon$$obj.o
    0x000028f0   0x0000001c   Data   RO          188    locale$$data        c_p.l(lc_numeric_c.o)


    Execution Region ER_RW (Base: 0x10000000, Size: 0x0000000c, Max: 0xffffffff, ABSOLUTE)

    Base Addr    Size         Type   Attr      Idx    E Section Name        Object

    0x10000000   0x0000000c   Data   RW           60    .data               system_lpc11xx.o


    Execution Region ER_ZI (Base: 0x1000000c, Size: 0x00000264, Max: 0xffffffff, ABSOLUTE)

    Base Addr    Size         Type   Attr      Idx    E Section Name        Object

    0x1000000c   0x00000060   Zero   RW          202    .bss                c_p.l(libspace.o)
    0x1000006c   0x00000004   PAD
    0x10000070   0x00000000   Zero   RW            2    HEAP                startup_lpc11xx.o
    0x10000070   0x00000200   Zero   RW            1    STACK               startup_lpc11xx.o


==============================================================================

Image component sizes


      Code (inc. data)   RO Data    RW Data    ZI Data      Debug   Object Name

      1328        136          0          0          0       7627   main.o
        56         26        192          0        512        796   startup_lpc11xx.o
       224         26          0         12          0       1009   system_lpc11xx.o

    ----------------------------------------------------------------------
      1608        188        224         12        512       9432   Object Totals
         0          0         32          0          0          0   (incl. Generated)
         0          0          0          0          0          0   (incl. Padding)

    ----------------------------------------------------------------------

      Code (inc. data)   RO Data    RW Data    ZI Data      Debug   Library Member Name

         8          0          0          0          0         68   __main.o
       284          0          0          0          0        136   __printf_wp.o
        60          8          0          0          0          0   __scatter.o
        26          0          0          0          0          0   __scatter_copy.o
        28          0          0          0          0          0   __scatter_zi.o
        48          6          0          0          0         88   _printf_char_common.o
        10          0          0          0          0          0   _printf_f.o
      1044         12          0          0          0        176   _printf_fp_dec.o
       136         16          0          0          0         76   _printf_fp_infnan.o
         2          0          0          0          0          0   _printf_percent.o
         4          0          0          0          0          0   _printf_percent_end.o
        10          0          0          0          0         60   _sputc.o
       346          0          0          0          0         92   aeabi_sdiv.o
       204          4        148          0          0         80   bigflt0.o
      1240         12          0          0          0        316   btod.o
        12          0          0          0          0         64   exit.o
         6          0          0          0          0        136   heapauxi.o
         0          0          0          0          0          0   indicate_semi.o
        44         10         28          0          0         76   lc_numeric_c.o
         2          0          0          0          0          0   libinit.o
        22          0          0          0          0          0   libinit2.o
         2          0          0          0          0          0   libshutdown.o
         2          0          0          0          0          0   libshutdown2.o
         8          4          0          0         96         68   libspace.o
       122          0          0          0          0         72   lludiv10.o
        40          4          0          0          0         84   noretval__2sprintf.o
         8          4          0          0          0         68   rt_locale_intlibspace.o
         0          0          0          0          0          0   rtentry.o
        12          0          0          0          0          0   rtentry2.o
         6          0          0          0          0          0   rtentry4.o
         2          0          0          0          0          0   rtexit.o
        10          0          0          0          0          0   rtexit2.o
        40          0          0          0          0         60   rtudiv10.o
       136          4          0          0          0         72   strcmp.o
        12          4          0          0          0         60   sys_exit.o
        62          0          0          0          0         80   sys_stackheap_outer.o
         2          0          0          0          0         68   use_no_semi.o
        48          6          0          0          0         60   cmpret.o
       124          4          0          0          0         72   d2f.o
       844         22          0          0          0        228   daddsub.o
       144          4          0          0          0         76   dcmpin.o
      1100         28        128          0          0        116   ddiv.o
        88          0          0          0          0         92   dflti.o
       100          4          0          0          0         92   dlef.o
       600         22          0          0          0         84   dmul.o
        20          6          0          0          0         68   dnan2.o
       104          4          0          0          0        104   drlef.o
        88          6          0          0          0         60   f2d.o
       348          8          0          0          0        160   faddsub.o
       352          8         64          0          0         88   fdiv.o
       176          4          0          0          0         80   fmul.o
        16          4          0          0          0         76   printf1.o
        94          0          0          0          0         68   retnan.o
         0          0          0          0          0          0   usenofp.o
        44          6          0          0          0         60   fpclassify.o

    ----------------------------------------------------------------------
      8308        224        368          0        100       3584   Library Totals
        18          0          0          0          4          0   (incl. Padding)

    ----------------------------------------------------------------------

      Code (inc. data)   RO Data    RW Data    ZI Data      Debug   Library Name

      4000         88        176          0         96       2000   c_p.l
      4246        130        192          0          0       1524   fz_ps.l
        44          6          0          0          0         60   m_ps.l

    ----------------------------------------------------------------------
      8308        224        368          0        100       3584   Library Totals

    ----------------------------------------------------------------------

==============================================================================


      Code (inc. data)   RO Data    RW Data    ZI Data      Debug   

      9916        412        592         12        612      10976   Grand Totals
      9916        412        592         12        612      10976   ELF Image Totals
      9916        412        592         12          0          0   ROM Totals

==============================================================================

    Total RO  Size (Code + RO Data)                10508 (  10.26kB)
    Total RW  Size (RW Data + ZI Data)               624 (   0.61kB)
    Total ROM Size (Code + RO Data + RW Data)      10520 (  10.27kB)

==============================================================================

